Downloading ChurchCRM-7.7.0.zip (attempt 1/3)
Downloading php-8.4.25-Win32-vs17-x64.zip (attempt 1/3)
Downloading httpd-2.4.69-Win64-VS18.zip (attempt 1/3)
Downloading mariadb-11.8.9-winx64.zip (attempt 1/3)
Build script generated and encoding-verified: D:\a\MOS-GOV-V0.1\MOS-GOV-V0.1\installer-build\MOS-GOV-V0.2.iss (CJK chars: 492)
Using ISCC: C:\ProgramData\Chocolatey\bin\ISCC.exe
Inno Setup 6 Command-Line Compiler
Copyright (C) 1997-2026 Jordan Russell. All rights reserved.
Portions Copyright (C) 2000-2026 Martijn Laan. All rights reserved.
Portions Copyright (C) 2001-2004 Alex Yackimoff. All rights reserved.
https://www.innosetup.com

Compiler engine version: Inno Setup 6.7.1
Non-commercial use only

Preprocessing
   Reading file: c:\program files (x86)\inno setup 6\ISPPBuiltins.iss
Error on line 162 in D:\a\MOS-GOV-V0.1\MOS-GOV-V0.1\installer-build\MOS-GOV-V0.2.iss: Unknown preprocessor directive.
Compile aborted.
Inno Setup compilation failed: 2
At D:\a\MOS-GOV-V0.1\MOS-GOV-V0.1\installer\build.ps1:277 char:28
+ ... TCODE -ne 0) { throw "Inno Setup compilation failed: $LASTEXITCODE" }
+                    ~~~~~~~~~~~~~~~~~~~~~~~~~~~~~~~~~~~~~~~~~~~~~~~~~~~~
    + CategoryInfo          : OperationStopped: (Inno Setup compilation failed: 2:String) [], RuntimeException
    + FullyQualifiedErrorId : Inno Setup compilation failed: 2
 
